// Jest Snapshot v1, https://goo.gl/fbAQLP

exports[` 1`] = `
type Bar {
  bar: Baz
}

type Baz {
  baz: String
}

type Query {
  foo: Bar
}
`;

exports[`type system field alias in client query 1`] = `
{
  foo {
    barAlias: bar {
      bazAlias: baz
    }
  }
}
`;

exports[`type system field alias in client query 2`] = `
[
  "\\n      {\\n        fooAlias: foo {\\n          barAlias: bar {\\n            bazAlias: baz\\n          }\\n        }\\n      }\\n    ",
  {
    "data": {
      "fooAlias": {
        "barAlias": {
          "bazAlias": "test::Baz::baz"
        }
      }
    },
    "errors": []
  }
]
`;

exports[`type system fragments in client query 1`] = `
{
  foo {
    ... on Bar {
      bar {
        ... on Baz {
          baz
        }
      }
    }
  }
}
`;

exports[`type system fragments in client query 2`] = `
[
  "\\n      {\\n        ... FooFrag\\n      }\\n      fragment FooFrag on Query {\\n        foo {\\n          ... BarFrag\\n        }\\n      }\\n      fragment BarFrag on Bar {\\n        bar {\\n          ... BazFrag\\n        }\\n      }\\n      fragment BazFrag on Baz {\\n        baz\\n      }\\n    ",
  {
    "data": {
      "foo": {
        "bar": {
          "baz": "test::Baz::baz"
        }
      }
    },
    "errors": []
  }
]
`;
